// Vitest Snapshot v1, https://vitest.dev/guide/snapshot.html

exports[`a scripted drive > matches the recorded trajectories 1`] = `
{
  "#0 M desert technical": "4bb1bb51",
  "#0 M forest f1": "116cf27e",
  "#0 M forest lmp": "a8b37abd",
  "#0 M forest rally": "d1a1b70c",
  "#0 M forest technical": "c47c1cf8",
  "#0 M marsh technical": "488b1069",
  "#0 M snow technical": "c2170113",
  "#63 S forest rally": "09d37654",
  "#63 XL snow f1": "15eabdd3",
}
`;
