// Vitest Snapshot v1, https://vitest.dev/guide/snapshot.html

exports[`a scripted drive > matches the recorded trajectories 1`] = `
{
  "#0 M desert technical": "883f02b1",
  "#0 M forest f1": "2c539c24",
  "#0 M forest lmp": "d50b88df",
  "#0 M forest rally": "f49d583f",
  "#0 M forest technical": "4764aded",
  "#0 M marsh technical": "b50e41ff",
  "#0 M snow technical": "cdbc644c",
  "#63 S forest rally": "37a39fdb",
  "#63 XL snow f1": "c8ed97e0",
}
`;
