// Vitest Snapshot v1, https://vitest.dev/guide/snapshot.html

exports[`the arena as built > matches the recorded layout 1`] = `
{
  "#0 L desert": "3022 props, 62 posts, 110 rails, 141 bollards, water dry",
  "#0 L forest": "2557 props, 62 posts, 84 rails, 107 bollards, water 20mm",
  "#0 L marsh": "4260 props, 62 posts, 46 rails, 82 bollards, water 13.3mm",
  "#0 L snow": "2414 props, 62 posts, 84 rails, 107 bollards, water 20mm",
  "#0 M desert": "1578 props, 42 posts, 55 rails, 110 bollards, water dry",
  "#0 M forest": "1470 props, 42 posts, 45 rails, 92 bollards, water 20mm",
  "#0 M marsh": "2197 props, 42 posts, 19 rails, 35 bollards, water 20mm",
  "#0 M snow": "1304 props, 42 posts, 45 rails, 92 bollards, water 20mm",
  "#0 S desert": "768 props, 32 posts, 55 rails, 93 bollards, water dry",
  "#0 S forest": "659 props, 32 posts, 40 rails, 68 bollards, water 20mm",
  "#0 S marsh": "1057 props, 32 posts, 24 rails, 45 bollards, water 20mm",
  "#0 S snow": "591 props, 32 posts, 40 rails, 68 bollards, water 20mm",
  "#0 XL desert": "4473 props, 84 posts, 110 rails, 173 bollards, water dry",
  "#0 XL forest": "4198 props, 84 posts, 87 rails, 145 bollards, water 20mm",
  "#0 XL marsh": "6239 props, 84 posts, 39 rails, 92 bollards, water 20mm",
  "#0 XL snow": "3863 props, 84 posts, 87 rails, 145 bollards, water 20mm",
  "#63 L desert": "3081 props, 58 posts, 50 rails, 114 bollards, water dry",
  "#63 L forest": "2725 props, 58 posts, 36 rails, 96 bollards, water 20mm",
  "#63 L marsh": "4389 props, 58 posts, 13 rails, 38 bollards, water 20mm",
  "#63 L snow": "2477 props, 58 posts, 36 rails, 96 bollards, water 20mm",
  "#63 M desert": "1681 props, 38 posts, 25 rails, 84 bollards, water dry",
  "#63 M forest": "1696 props, 38 posts, 20 rails, 77 bollards, water 16.4mm",
  "#63 M marsh": "2326 props, 38 posts, 14 rails, 60 bollards, water 6.3mm",
  "#63 M snow": "1486 props, 38 posts, 20 rails, 77 bollards, water 16.4mm",
  "#63 S desert": "835 props, 30 posts, 25 rails, 70 bollards, water dry",
  "#63 S forest": "857 props, 30 posts, 22 rails, 61 bollards, water 18.2mm",
  "#63 S marsh": "1168 props, 30 posts, 12 rails, 58 bollards, water 8mm",
  "#63 S snow": "779 props, 30 posts, 22 rails, 61 bollards, water 18.2mm",
  "#63 XL desert": "4509 props, 76 posts, 50 rails, 153 bollards, water dry",
  "#63 XL forest": "4243 props, 76 posts, 38 rails, 130 bollards, water -5.6mm",
  "#63 XL marsh": "6275 props, 76 posts, 35 rails, 120 bollards, water -7.1mm",
  "#63 XL snow": "3884 props, 76 posts, 38 rails, 130 bollards, water -5.6mm",
}
`;
