// Vitest Snapshot v1, https://vitest.dev/guide/snapshot.html

exports[`the arena as built > matches the recorded layout 1`] = `
{
  "#0 L desert": "3139 props, 62 posts, 14 rails, 112 bollards, water dry",
  "#0 L forest": "2665 props, 62 posts, 11 rails, 76 bollards, water 20mm",
  "#0 L marsh": "4395 props, 62 posts, 8 rails, 61 bollards, water 13.3mm",
  "#0 L snow": "2465 props, 62 posts, 11 rails, 76 bollards, water 20mm",
  "#0 M desert": "1651 props, 42 posts, 55 rails, 105 bollards, water dry",
  "#0 M forest": "1549 props, 42 posts, 43 rails, 93 bollards, water 20mm",
  "#0 M marsh": "2308 props, 42 posts, 20 rails, 43 bollards, water 20mm",
  "#0 M snow": "1397 props, 42 posts, 43 rails, 93 bollards, water 20mm",
  "#0 S desert": "818 props, 32 posts, 48 rails, 88 bollards, water dry",
  "#0 S forest": "713 props, 32 posts, 39 rails, 68 bollards, water 20mm",
  "#0 S marsh": "1137 props, 32 posts, 19 rails, 40 bollards, water 20mm",
  "#0 S snow": "646 props, 32 posts, 39 rails, 68 bollards, water 20mm",
  "#0 XL desert": "4602 props, 84 posts, 7 rails, 131 bollards, water dry",
  "#0 XL forest": "4348 props, 84 posts, 4 rails, 115 bollards, water 20mm",
  "#0 XL marsh": "6454 props, 84 posts, 3 rails, 64 bollards, water 20mm",
  "#0 XL snow": "4061 props, 84 posts, 4 rails, 115 bollards, water 20mm",
  "#63 L desert": "3198 props, 58 posts, 0 rails, 99 bollards, water dry",
  "#63 L forest": "2813 props, 58 posts, 0 rails, 89 bollards, water 20mm",
  "#63 L marsh": "4527 props, 58 posts, 0 rails, 27 bollards, water 20mm",
  "#63 L snow": "2560 props, 58 posts, 0 rails, 89 bollards, water 20mm",
  "#63 M desert": "1760 props, 38 posts, 25 rails, 84 bollards, water dry",
  "#63 M forest": "1728 props, 38 posts, 21 rails, 73 bollards, water 16.4mm",
  "#63 M marsh": "2433 props, 38 posts, 14 rails, 61 bollards, water 6.3mm",
  "#63 M snow": "1564 props, 38 posts, 21 rails, 73 bollards, water 16.4mm",
  "#63 S desert": "889 props, 30 posts, 26 rails, 70 bollards, water dry",
  "#63 S forest": "913 props, 30 posts, 25 rails, 61 bollards, water 18.2mm",
  "#63 S marsh": "1253 props, 30 posts, 18 rails, 60 bollards, water 8mm",
  "#63 S snow": "835 props, 30 posts, 25 rails, 61 bollards, water 18.2mm",
  "#63 XL desert": "4667 props, 76 posts, 0 rails, 129 bollards, water dry",
  "#63 XL forest": "4348 props, 76 posts, 0 rails, 120 bollards, water -5.6mm",
  "#63 XL marsh": "6494 props, 76 posts, 0 rails, 97 bollards, water -7.1mm",
  "#63 XL snow": "4029 props, 76 posts, 0 rails, 120 bollards, water -5.6mm",
}
`;
